Flutter crash report.
Please report a bug at https://github.com/flutter/flutter/issues.

## command

flutter run -d emulator-5554

## exception

RPCError: _deleteDevFS: (1002) File system does not exist
_deleteDevFS: file system 'mobile' does not exist

```
#0      new _OutstandingRequest (package:vm_service/src/vm_service.dart:268:34)
#1      VmService._call.<anonymous closure> (package:vm_service/src/vm_service.dart:1950:25)
#2      VmService._call (package:vm_service/src/vm_service.dart:1962:8)
#3      VmService.callServiceExtension (package:vm_service/src/vm_service.dart:1901:14)
#4      FlutterVmService._checkedCallServiceExtension (package:flutter_tools/src/vmservice.dart:771:28)
#5      FlutterVmService.deleteDevFS (package:flutter_tools/src/vmservice.dart:938:11)
#6      DevFS.destroy (package:flutter_tools/src/devfs.dart:545:22)
#7      DevFS.create (package:flutter_tools/src/devfs.dart:535:13)
<asynchronous suspension>
#8      HotRunner._initDevFS (package:flutter_tools/src/run_hot.dart:488:9)
<asynchronous suspension>
#9      HotRunner._attach (package:flutter_tools/src/run_hot.dart:286:35)
<asynchronous suspension>
#10     RunCommand.runCommand (package:flutter_tools/src/commands/run.dart:934:26)
<asynchronous suspension>
#11     FlutterCommand.run.<anonymous closure> (package:flutter_tools/src/runner/flutter_command.dart:1630:27)
<asynchronous suspension>
#12     AppContext.run.<anonymous closure> (package:flutter_tools/src/base/context.dart:154:19)
<asynchronous suspension>
#13     CommandRunner.runCommand (package:args/command_runner.dart:212:13)
<asynchronous suspension>
#14     FlutterCommandRunner.runCommand.<anonymous closure> (package:flutter_tools/src/runner/flutter_command_runner.dart:496:9)
<asynchronous suspension>
#15     AppContext.run.<anonymous closure> (package:flutter_tools/src/base/context.dart:154:19)
<asynchronous suspension>
#16     FlutterCommandRunner.runCommand (package:flutter_tools/src/runner/flutter_command_runner.dart:431:5)
<asynchronous suspension>
#17     FlutterCommandRunner.run.<anonymous closure> (package:flutter_tools/src/runner/flutter_command_runner.dart:307:33)
<asynchronous suspension>
#18     run.<anonymous closure>.<anonymous closure> (package:flutter_tools/runner.dart:104:11)
<asynchronous suspension>
#19     AppContext.run.<anonymous closure> (package:flutter_tools/src/base/context.dart:154:19)
<asynchronous suspension>
#20     main (package:flutter_tools/executable.dart:103:3)
<asynchronous suspension>
```

## flutter doctor

```
[✓] Flutter (Channel stable, 3.44.8, on macOS 26.5.2 25F84 darwin-arm64, locale en-AE) [285ms]
    • Flutter version 3.44.8 on channel stable at /opt/homebrew/share/flutter
    • Upstream repository https://github.com/flutter/flutter.git
    • Framework revision 058e0af2c2 (2 days ago), 2026-07-23 10:56:21 -0700
    • Engine revision 0cd610717b
    • Dart version 3.12.2
    • DevTools version 2.57.0
    • Feature flags: enable-web, enable-linux-desktop, enable-macos-desktop, enable-windows-desktop, enable-android, enable-ios, cli-animations, enable-native-assets, enable-swift-package-manager, omit-legacy-version-file, enable-lldb-debugging, enable-uiscene-migration

[!] Android toolchain - develop for Android devices (Android SDK version 36.1.0) [545ms]
    • Android SDK at /Users/joeltharakan/Library/Android/sdk
    • Emulator version 36.4.9.0 (build_id 14788078) (CL:N/A)
    ✗ cmdline-tools component is missing.
      Try installing or updating Android Studio.
      Alternatively, download the tools from https://developer.android.com/studio#command-line-tools-only and make sure to set the ANDROID_HOME environment variable.
      See https://developer.android.com/studio/command-line for more details.
    ✗ Android license status unknown.
      Run `flutter doctor --android-licenses` to accept the SDK licenses.
      See https://flutter.dev/to/macos-android-setup for more details.

[✓] Xcode - develop for iOS and macOS (Xcode 26.6) [2.0s]
    • Xcode at /Applications/Xcode.app/Contents/Developer
    • Build 17F113
    • CocoaPods version 1.16.2

[✓] Chrome - develop for the web [3ms]
    • Chrome at /Applications/Google Chrome.app/Contents/MacOS/Google Chrome

[✓] Connected device (3 available) [6.4s]
    • sdk gphone64 arm64 (mobile) • emulator-5554 • android-arm64  • Android 16 (API 36) (emulator)
    • macOS (desktop)             • macos         • darwin-arm64   • macOS 26.5.2 25F84 darwin-arm64
    • Chrome (web)                • chrome        • web-javascript • Google Chrome 150.0.7871.184

[✓] Network resources [578ms]
    • All expected network resources are available.

! Doctor found issues in 1 category.
```
