2026-07-19 01:36:17 [info]: Successful login: admin@cwayacademy.com {"userId":"cmrqsizvo0000mk1jg4pfni6l","ip":"::1"}
2026-07-19 01:51:20 [warn]: Failed login attempt for admin@cwayacademy.com {"ip":"::1","error":"Invalid email or password"}
2026-07-19 01:51:25 [warn]: Failed login attempt for admin@cwayacademy.com {"ip":"::1","error":"Invalid email or password"}
2026-07-19 01:53:06 [info]: Successful login: admin@cwayacademy.com {"userId":"cmqku2zbo00003u1qrtqtk0h8","ip":"::1"}
2026-07-19 02:13:23 [info]: Successful login: admin@cwayacademy.com {"userId":"cmqku2zbo00003u1qrtqtk0h8","ip":"::1"}
2026-07-19 02:21:49 [info]: Successful login: admin@cwayacademy.com {"userId":"cmqku2zbo00003u1qrtqtk0h8","ip":"::1"}
2026-07-19 02:26:23 [info]: Successful login: admin@cwayacademy.com {"userId":"cmqku2zbo00003u1qrtqtk0h8","ip":"::1"}
2026-07-19 14:54:26 [info]: Successful login: admin@cwayacademy.com {"userId":"cmqku2zbo00003u1qrtqtk0h8","ip":"::1"}
2026-07-19 17:09:42 [warn]: Failed login attempt for joelrtharakan@gmail.com {"ip":"::1","error":"Invalid email or password"}
2026-07-19 17:33:56 [warn]: Failed login attempt for joelrtharakan@gmail.com {"ip":"::1","error":"Invalid email or password"}
2026-07-19 21:51:43 [warn]: Failed login attempt for joelrtharakan@gmail.com {"ip":"::1","error":"\nInvalid `prisma.user.findUnique()` invocation in\n/Users/joeltharakan/Documents/cway-academy/apps/api/src/services/auth.service.ts:86:36\n\n  83 const { email, password } = credentials;\n  84 const cleanEmail = email.toLowerCase().trim();\n  85 \n→ 86 const user = await prisma.user.findUnique(\nCan't reach database server at `localhost`:`5444`\n\nPlease make sure your database server is running at `localhost`:`5444`."}
2026-07-19 21:52:51 [warn]: Failed login attempt for joelrtharakan@gmail.com {"ip":"::1","error":"Invalid email or password"}
2026-07-19 21:54:31 [warn]: Failed login attempt for admin@cwayacademy.com {"ip":"::1","error":"Invalid email or password"}
2026-07-19 21:54:33 [warn]: Failed login attempt for admin@cwayacademy.com {"ip":"::1","error":"Invalid email or password"}
2026-07-19 21:54:39 [warn]: Failed login attempt for admin@cwayacademy.com {"ip":"::1","error":"Invalid email or password"}
2026-07-19 21:55:31 [warn]: Rate limit exceeded: Too many login attempts, please try again after 15 minutes. {"ip":"::1","path":"/api/v1/auth/login"}
2026-07-19 21:55:33 [warn]: Rate limit exceeded: Too many login attempts, please try again after 15 minutes. {"ip":"::1","path":"/api/v1/auth/login"}
2026-07-19 21:56:06 [warn]: Rate limit exceeded: Too many login attempts, please try again after 15 minutes. {"ip":"::1","path":"/api/v1/auth/login"}
2026-07-19 21:57:05 [warn]: Rate limit exceeded: Too many login attempts, please try again after 15 minutes. {"ip":"::1","path":"/api/v1/auth/login"}
2026-07-19 21:58:17 [info]: Successful login: admin@cwayacademy.com {"userId":"cmrs0b95z00007xq2fs1tvth7","ip":"::1"}
2026-07-19 22:00:33 [info]: Successful login: student1@test.com {"userId":"cmrs0b9a2004t7xq2mkqooklm","ip":"::1"}
2026-07-19 22:09:16 [info]: Successful login: joelrtharakan880@gmail.com {"userId":"cmqp6pnjo000010tomoljdyc4","ip":"::1"}
2026-07-19 22:15:10 [warn]: Failed login attempt for joelrtharakan880@gmail.com {"ip":"::1","error":"Invalid email or password"}
